
> vibe-generated-app@1.0.0 dev
> vite


  VITE v5.4.20  ready in 263 ms

  ➜  Local:   http://localhost:3000/
  ➜  Network: http://172.20.10.219:3000/
9:32:05 AM [vite] Pre-transform error: Transform failed with 1 error:
/home/workspace/src/components/Gallery.jsx:17:78: ERROR: Expected identifier but found "!"
9:32:05 AM [vite] Internal server error: Transform failed with 1 error:
/home/workspace/src/components/Gallery.jsx:17:78: ERROR: Expected identifier but found "!"
  Plugin: vite:esbuild
  File: /home/workspace/src/components/Gallery.jsx:17:78
  
  Expected identifier but found "!"
  15 |        <div className="mx-auto max-w-6xl px-6">
  16 |          <h2 className="text-3xl sm:text-4xl font-extrabold tracking-tight mb-10">Lifestyle Gallery</h2>
  17 |          <div className="columns-2 md:columns-3 gap-4 [column-fill:_balance]"><!-- eslint-disable-line react/no-unknown-property -->
     |                                                                                ^
  18 |            {images.map((src, i) => (
  19 |              <motion.div
  
      at failureErrorWithLog (/home/workspace/node_modules/esbuild/lib/main.js:1472:15)
      at /home/workspace/node_modules/esbuild/lib/main.js:755:50
      at responseCallbacks.<computed> (/home/workspace/node_modules/esbuild/lib/main.js:622:9)
      at handleIncomingPacket (/home/workspace/node_modules/esbuild/lib/main.js:677:12)
      at Socket.readFromStdout (/home/workspace/node_modules/esbuild/lib/main.js:600:7)
      at Socket.emit (node:events:508:28)
      at addChunk (node:internal/streams/readable:559:12)
      at readableAddChunkPushByteMode (node:internal/streams/readable:510:3)
      at Readable.push (node:internal/streams/readable:390:5)
      at Pipe.onStreamRead (node:internal/stream_base_commons:189:23)
9:32:27 AM [vite] Internal server error: Transform failed with 1 error:
/home/workspace/src/components/Gallery.jsx:17:78: ERROR: Expected identifier but found "!"
  Plugin: vite:esbuild
  File: /home/workspace/src/components/Gallery.jsx:17:78
  
  Expected identifier but found "!"
  15 |        <div className="mx-auto max-w-6xl px-6">
  16 |          <h2 className="text-3xl sm:text-4xl font-extrabold tracking-tight mb-10">Lifestyle Gallery</h2>
  17 |          <div className="columns-2 md:columns-3 gap-4 [column-fill:_balance]"><!-- eslint-disable-line react/no-unknown-property -->
     |                                                                                ^
  18 |            {images.map((src, i) => (
  19 |              <motion.div
  
      at failureErrorWithLog (/home/workspace/node_modules/esbuild/lib/main.js:1472:15)
      at /home/workspace/node_modules/esbuild/lib/main.js:755:50
      at responseCallbacks.<computed> (/home/workspace/node_modules/esbuild/lib/main.js:622:9)
      at handleIncomingPacket (/home/workspace/node_modules/esbuild/lib/main.js:677:12)
      at Socket.readFromStdout (/home/workspace/node_modules/esbuild/lib/main.js:600:7)
      at Socket.emit (node:events:508:28)
      at addChunk (node:internal/streams/readable:559:12)
      at readableAddChunkPushByteMode (node:internal/streams/readable:510:3)
      at Readable.push (node:internal/streams/readable:390:5)
      at Pipe.onStreamRead (node:internal/stream_base_commons:189:23)

Could not open Gallery.jsx in the editor.
The editor process exited with an error: spawn vi ENOENT ('vi' command does not exist in 'PATH').

